<testsuites id="" name="" tests="32" failures="18" skipped="0" errors="0" time="32.636219000000004">
<testsuite name="api/negative/api.negative.spec.ts" timestamp="2025-07-15T09:10:14.571Z" hostname="" tests="16" failures="16" skipped="0" time="6.115" errors="0">
<testcase name="API --&gt; http://host.docker.internal:3000/api/event - Negative cases @negative @api › Negative case - missing videoTime" classname="api/negative/api.negative.spec.ts" time="0.372">
<failure message="api.negative.spec.ts:8:13 Negative case - missing videoTime" type="FAILURE">
<![CDATA[  api/negative/api.negative.spec.ts:8:13 › API --> http://host.docker.internal:3000/api/event - Negative cases @negative @api › Negative case - missing videoTime 

    Error: expect(received).toBeGreaterThanOrEqual(expected)

    Expected: >= 400
    Received:    200

       8 |         test(`Negative case - ${name}`, async ({ apiContext }) => {
       9 |             const response = await apiContext.post(BASE_URLS.api_event, { data: data() });
    > 10 |             expect(response.status()).toBeGreaterThanOrEqual(400);
         |                                       ^
      11 |         });
      12 |     }
      13 | });
        at /app/src/tests/api/negative/api.negative.spec.ts:10:39

    attachment #1: trace (application/zip) ─────────────────────────────────────────────────────────
    ../../test-results/api-negative-api.negative--9cee6-ve-case---missing-videoTime/trace.zip
    Usage:

        npx playwright show-trace ../../test-results/api-negative-api.negative--9cee6-ve-case---missing-videoTime/trace.zip

    ────────────────────────────────────────────────────────────────────────────────────────────────

    Retry #1 ───────────────────────────────────────────────────────────────────────────────────────

    Error: expect(received).toBeGreaterThanOrEqual(expected)

    Expected: >= 400
    Received:    200

       8 |         test(`Negative case - ${name}`, async ({ apiContext }) => {
       9 |             const response = await apiContext.post(BASE_URLS.api_event, { data: data() });
    > 10 |             expect(response.status()).toBeGreaterThanOrEqual(400);
         |                                       ^
      11 |         });
      12 |     }
      13 | });
        at /app/src/tests/api/negative/api.negative.spec.ts:10:39

    attachment #1: trace (application/zip) ─────────────────────────────────────────────────────────
    ../../test-results/api-negative-api.negative--9cee6-ve-case---missing-videoTime-retry1/trace.zip
    Usage:

        npx playwright show-trace ../../test-results/api-negative-api.negative--9cee6-ve-case---missing-videoTime-retry1/trace.zip

    ────────────────────────────────────────────────────────────────────────────────────────────────

    Retry #2 ───────────────────────────────────────────────────────────────────────────────────────

    Error: expect(received).toBeGreaterThanOrEqual(expected)

    Expected: >= 400
    Received:    200

       8 |         test(`Negative case - ${name}`, async ({ apiContext }) => {
       9 |             const response = await apiContext.post(BASE_URLS.api_event, { data: data() });
    > 10 |             expect(response.status()).toBeGreaterThanOrEqual(400);
         |                                       ^
      11 |         });
      12 |     }
      13 | });
        at /app/src/tests/api/negative/api.negative.spec.ts:10:39

    attachment #1: trace (application/zip) ─────────────────────────────────────────────────────────
    ../../test-results/api-negative-api.negative--9cee6-ve-case---missing-videoTime-retry2/trace.zip
    Usage:

        npx playwright show-trace ../../test-results/api-negative-api.negative--9cee6-ve-case---missing-videoTime-retry2/trace.zip

    ────────────────────────────────────────────────────────────────────────────────────────────────
]]>
</failure>
<system-out>
<![CDATA[
[[ATTACHMENT|../test-results/api-negative-api.negative--9cee6-ve-case---missing-videoTime/trace.zip]]

[[ATTACHMENT|../test-results/api-negative-api.negative--9cee6-ve-case---missing-videoTime-retry1/trace.zip]]

[[ATTACHMENT|../test-results/api-negative-api.negative--9cee6-ve-case---missing-videoTime-retry2/trace.zip]]
]]>
</system-out>
</testcase>
<testcase name="API --&gt; http://host.docker.internal:3000/api/event - Negative cases @negative @api › Negative case - missing userId" classname="api/negative/api.negative.spec.ts" time="0.43">
<failure message="api.negative.spec.ts:8:13 Negative case - missing userId" type="FAILURE">
<![CDATA[  api/negative/api.negative.spec.ts:8:13 › API --> http://host.docker.internal:3000/api/event - Negative cases @negative @api › Negative case - missing userId 

    Error: expect(received).toBeGreaterThanOrEqual(expected)

    Expected: >= 400
    Received:    200

       8 |         test(`Negative case - ${name}`, async ({ apiContext }) => {
       9 |             const response = await apiContext.post(BASE_URLS.api_event, { data: data() });
    > 10 |             expect(response.status()).toBeGreaterThanOrEqual(400);
         |                                       ^
      11 |         });
      12 |     }
      13 | });
        at /app/src/tests/api/negative/api.negative.spec.ts:10:39

    attachment #1: trace (application/zip) ─────────────────────────────────────────────────────────
    ../../test-results/api-negative-api.negative--30c6e-ative-case---missing-userId/trace.zip
    Usage:

        npx playwright show-trace ../../test-results/api-negative-api.negative--30c6e-ative-case---missing-userId/trace.zip

    ────────────────────────────────────────────────────────────────────────────────────────────────

    Retry #1 ───────────────────────────────────────────────────────────────────────────────────────

    Error: expect(received).toBeGreaterThanOrEqual(expected)

    Expected: >= 400
    Received:    200

       8 |         test(`Negative case - ${name}`, async ({ apiContext }) => {
       9 |             const response = await apiContext.post(BASE_URLS.api_event, { data: data() });
    > 10 |             expect(response.status()).toBeGreaterThanOrEqual(400);
         |                                       ^
      11 |         });
      12 |     }
      13 | });
        at /app/src/tests/api/negative/api.negative.spec.ts:10:39

    attachment #1: trace (application/zip) ─────────────────────────────────────────────────────────
    ../../test-results/api-negative-api.negative--30c6e-ative-case---missing-userId-retry1/trace.zip
    Usage:

        npx playwright show-trace ../../test-results/api-negative-api.negative--30c6e-ative-case---missing-userId-retry1/trace.zip

    ────────────────────────────────────────────────────────────────────────────────────────────────

    Retry #2 ───────────────────────────────────────────────────────────────────────────────────────

    Error: expect(received).toBeGreaterThanOrEqual(expected)

    Expected: >= 400
    Received:    200

       8 |         test(`Negative case - ${name}`, async ({ apiContext }) => {
       9 |             const response = await apiContext.post(BASE_URLS.api_event, { data: data() });
    > 10 |             expect(response.status()).toBeGreaterThanOrEqual(400);
         |                                       ^
      11 |         });
      12 |     }
      13 | });
        at /app/src/tests/api/negative/api.negative.spec.ts:10:39

    attachment #1: trace (application/zip) ─────────────────────────────────────────────────────────
    ../../test-results/api-negative-api.negative--30c6e-ative-case---missing-userId-retry2/trace.zip
    Usage:

        npx playwright show-trace ../../test-results/api-negative-api.negative--30c6e-ative-case---missing-userId-retry2/trace.zip

    ────────────────────────────────────────────────────────────────────────────────────────────────
]]>
</failure>
<system-out>
<![CDATA[
[[ATTACHMENT|../test-results/api-negative-api.negative--30c6e-ative-case---missing-userId/trace.zip]]

[[ATTACHMENT|../test-results/api-negative-api.negative--30c6e-ative-case---missing-userId-retry1/trace.zip]]

[[ATTACHMENT|../test-results/api-negative-api.negative--30c6e-ative-case---missing-userId-retry2/trace.zip]]
]]>
</system-out>
</testcase>
<testcase name="API --&gt; http://host.docker.internal:3000/api/event - Negative cases @negative @api › Negative case - wrong type" classname="api/negative/api.negative.spec.ts" time="0.317">
<failure message="api.negative.spec.ts:8:13 Negative case - wrong type" type="FAILURE">
<![CDATA[  api/negative/api.negative.spec.ts:8:13 › API --> http://host.docker.internal:3000/api/event - Negative cases @negative @api › Negative case - wrong type 

    Error: expect(received).toBeGreaterThanOrEqual(expected)

    Expected: >= 400
    Received:    200

       8 |         test(`Negative case - ${name}`, async ({ apiContext }) => {
       9 |             const response = await apiContext.post(BASE_URLS.api_event, { data: data() });
    > 10 |             expect(response.status()).toBeGreaterThanOrEqual(400);
         |                                       ^
      11 |         });
      12 |     }
      13 | });
        at /app/src/tests/api/negative/api.negative.spec.ts:10:39

    attachment #1: trace (application/zip) ─────────────────────────────────────────────────────────
    ../../test-results/api-negative-api.negative--b0cb7--Negative-case---wrong-type/trace.zip
    Usage:

        npx playwright show-trace ../../test-results/api-negative-api.negative--b0cb7--Negative-case---wrong-type/trace.zip

    ────────────────────────────────────────────────────────────────────────────────────────────────

    Retry #1 ───────────────────────────────────────────────────────────────────────────────────────

    Error: expect(received).toBeGreaterThanOrEqual(expected)

    Expected: >= 400
    Received:    200

       8 |         test(`Negative case - ${name}`, async ({ apiContext }) => {
       9 |             const response = await apiContext.post(BASE_URLS.api_event, { data: data() });
    > 10 |             expect(response.status()).toBeGreaterThanOrEqual(400);
         |                                       ^
      11 |         });
      12 |     }
      13 | });
        at /app/src/tests/api/negative/api.negative.spec.ts:10:39

    attachment #1: trace (application/zip) ─────────────────────────────────────────────────────────
    ../../test-results/api-negative-api.negative--b0cb7--Negative-case---wrong-type-retry1/trace.zip
    Usage:

        npx playwright show-trace ../../test-results/api-negative-api.negative--b0cb7--Negative-case---wrong-type-retry1/trace.zip

    ────────────────────────────────────────────────────────────────────────────────────────────────

    Retry #2 ───────────────────────────────────────────────────────────────────────────────────────

    Error: expect(received).toBeGreaterThanOrEqual(expected)

    Expected: >= 400
    Received:    200

       8 |         test(`Negative case - ${name}`, async ({ apiContext }) => {
       9 |             const response = await apiContext.post(BASE_URLS.api_event, { data: data() });
    > 10 |             expect(response.status()).toBeGreaterThanOrEqual(400);
         |                                       ^
      11 |         });
      12 |     }
      13 | });
        at /app/src/tests/api/negative/api.negative.spec.ts:10:39

    attachment #1: trace (application/zip) ─────────────────────────────────────────────────────────
    ../../test-results/api-negative-api.negative--b0cb7--Negative-case---wrong-type-retry2/trace.zip
    Usage:

        npx playwright show-trace ../../test-results/api-negative-api.negative--b0cb7--Negative-case---wrong-type-retry2/trace.zip

    ────────────────────────────────────────────────────────────────────────────────────────────────
]]>
</failure>
<system-out>
<![CDATA[
[[ATTACHMENT|../test-results/api-negative-api.negative--b0cb7--Negative-case---wrong-type/trace.zip]]

[[ATTACHMENT|../test-results/api-negative-api.negative--b0cb7--Negative-case---wrong-type-retry1/trace.zip]]

[[ATTACHMENT|../test-results/api-negative-api.negative--b0cb7--Negative-case---wrong-type-retry2/trace.zip]]
]]>
</system-out>
</testcase>
<testcase name="API --&gt; http://host.docker.internal:3000/api/event - Negative cases @negative @api › Negative case - empty payload" classname="api/negative/api.negative.spec.ts" time="0.432">
<failure message="api.negative.spec.ts:8:13 Negative case - empty payload" type="FAILURE">
<![CDATA[  api/negative/api.negative.spec.ts:8:13 › API --> http://host.docker.internal:3000/api/event - Negative cases @negative @api › Negative case - empty payload 

    Error: expect(received).toBeGreaterThanOrEqual(expected)

    Expected: >= 400
    Received:    200

       8 |         test(`Negative case - ${name}`, async ({ apiContext }) => {
       9 |             const response = await apiContext.post(BASE_URLS.api_event, { data: data() });
    > 10 |             expect(response.status()).toBeGreaterThanOrEqual(400);
         |                                       ^
      11 |         });
      12 |     }
      13 | });
        at /app/src/tests/api/negative/api.negative.spec.ts:10:39

    attachment #1: trace (application/zip) ─────────────────────────────────────────────────────────
    ../../test-results/api-negative-api.negative--2b963-gative-case---empty-payload/trace.zip
    Usage:

        npx playwright show-trace ../../test-results/api-negative-api.negative--2b963-gative-case---empty-payload/trace.zip

    ────────────────────────────────────────────────────────────────────────────────────────────────

    Retry #1 ───────────────────────────────────────────────────────────────────────────────────────

    Error: expect(received).toBeGreaterThanOrEqual(expected)

    Expected: >= 400
    Received:    200

       8 |         test(`Negative case - ${name}`, async ({ apiContext }) => {
       9 |             const response = await apiContext.post(BASE_URLS.api_event, { data: data() });
    > 10 |             expect(response.status()).toBeGreaterThanOrEqual(400);
         |                                       ^
      11 |         });
      12 |     }
      13 | });
        at /app/src/tests/api/negative/api.negative.spec.ts:10:39

    attachment #1: trace (application/zip) ─────────────────────────────────────────────────────────
    ../../test-results/api-negative-api.negative--2b963-gative-case---empty-payload-retry1/trace.zip
    Usage:

        npx playwright show-trace ../../test-results/api-negative-api.negative--2b963-gative-case---empty-payload-retry1/trace.zip

    ────────────────────────────────────────────────────────────────────────────────────────────────

    Retry #2 ───────────────────────────────────────────────────────────────────────────────────────

    Error: expect(received).toBeGreaterThanOrEqual(expected)

    Expected: >= 400
    Received:    200

       8 |         test(`Negative case - ${name}`, async ({ apiContext }) => {
       9 |             const response = await apiContext.post(BASE_URLS.api_event, { data: data() });
    > 10 |             expect(response.status()).toBeGreaterThanOrEqual(400);
         |                                       ^
      11 |         });
      12 |     }
      13 | });
        at /app/src/tests/api/negative/api.negative.spec.ts:10:39

    attachment #1: trace (application/zip) ─────────────────────────────────────────────────────────
    ../../test-results/api-negative-api.negative--2b963-gative-case---empty-payload-retry2/trace.zip
    Usage:

        npx playwright show-trace ../../test-results/api-negative-api.negative--2b963-gative-case---empty-payload-retry2/trace.zip

    ────────────────────────────────────────────────────────────────────────────────────────────────
]]>
</failure>
<system-out>
<![CDATA[
[[ATTACHMENT|../test-results/api-negative-api.negative--2b963-gative-case---empty-payload/trace.zip]]

[[ATTACHMENT|../test-results/api-negative-api.negative--2b963-gative-case---empty-payload-retry1/trace.zip]]

[[ATTACHMENT|../test-results/api-negative-api.negative--2b963-gative-case---empty-payload-retry2/trace.zip]]
]]>
</system-out>
</testcase>
<testcase name="API --&gt; http://host.docker.internal:3000/api/event - Negative cases @negative @api › Negative case - invalid timestamp format" classname="api/negative/api.negative.spec.ts" time="0.479">
<failure message="api.negative.spec.ts:8:13 Negative case - invalid timestamp format" type="FAILURE">
<![CDATA[  api/negative/api.negative.spec.ts:8:13 › API --> http://host.docker.internal:3000/api/event - Negative cases @negative @api › Negative case - invalid timestamp format 

    Error: expect(received).toBeGreaterThanOrEqual(expected)

    Expected: >= 400
    Received:    200

       8 |         test(`Negative case - ${name}`, async ({ apiContext }) => {
       9 |             const response = await apiContext.post(BASE_URLS.api_event, { data: data() });
    > 10 |             expect(response.status()).toBeGreaterThanOrEqual(400);
         |                                       ^
      11 |         });
      12 |     }
      13 | });
        at /app/src/tests/api/negative/api.negative.spec.ts:10:39

    attachment #1: trace (application/zip) ─────────────────────────────────────────────────────────
    ../../test-results/api-negative-api.negative--c97ce----invalid-timestamp-format/trace.zip
    Usage:

        npx playwright show-trace ../../test-results/api-negative-api.negative--c97ce----invalid-timestamp-format/trace.zip

    ────────────────────────────────────────────────────────────────────────────────────────────────

    Retry #1 ───────────────────────────────────────────────────────────────────────────────────────

    Error: expect(received).toBeGreaterThanOrEqual(expected)

    Expected: >= 400
    Received:    200

       8 |         test(`Negative case - ${name}`, async ({ apiContext }) => {
       9 |             const response = await apiContext.post(BASE_URLS.api_event, { data: data() });
    > 10 |             expect(response.status()).toBeGreaterThanOrEqual(400);
         |                                       ^
      11 |         });
      12 |     }
      13 | });
        at /app/src/tests/api/negative/api.negative.spec.ts:10:39

    attachment #1: trace (application/zip) ─────────────────────────────────────────────────────────
    ../../test-results/api-negative-api.negative--c97ce----invalid-timestamp-format-retry1/trace.zip
    Usage:

        npx playwright show-trace ../../test-results/api-negative-api.negative--c97ce----invalid-timestamp-format-retry1/trace.zip

    ────────────────────────────────────────────────────────────────────────────────────────────────

    Retry #2 ───────────────────────────────────────────────────────────────────────────────────────

    Error: expect(received).toBeGreaterThanOrEqual(expected)

    Expected: >= 400
    Received:    200

       8 |         test(`Negative case - ${name}`, async ({ apiContext }) => {
       9 |             const response = await apiContext.post(BASE_URLS.api_event, { data: data() });
    > 10 |             expect(response.status()).toBeGreaterThanOrEqual(400);
         |                                       ^
      11 |         });
      12 |     }
      13 | });
        at /app/src/tests/api/negative/api.negative.spec.ts:10:39

    attachment #1: trace (application/zip) ─────────────────────────────────────────────────────────
    ../../test-results/api-negative-api.negative--c97ce----invalid-timestamp-format-retry2/trace.zip
    Usage:

        npx playwright show-trace ../../test-results/api-negative-api.negative--c97ce----invalid-timestamp-format-retry2/trace.zip

    ────────────────────────────────────────────────────────────────────────────────────────────────
]]>
</failure>
<system-out>
<![CDATA[
[[ATTACHMENT|../test-results/api-negative-api.negative--c97ce----invalid-timestamp-format/trace.zip]]

[[ATTACHMENT|../test-results/api-negative-api.negative--c97ce----invalid-timestamp-format-retry1/trace.zip]]

[[ATTACHMENT|../test-results/api-negative-api.negative--c97ce----invalid-timestamp-format-retry2/trace.zip]]
]]>
</system-out>
</testcase>
<testcase name="API --&gt; http://host.docker.internal:3000/api/event - Negative cases @negative @api › Negative case - negative videoTime" classname="api/negative/api.negative.spec.ts" time="0.415">
<failure message="api.negative.spec.ts:8:13 Negative case - negative videoTime" type="FAILURE">
<![CDATA[  api/negative/api.negative.spec.ts:8:13 › API --> http://host.docker.internal:3000/api/event - Negative cases @negative @api › Negative case - negative videoTime 

    Error: expect(received).toBeGreaterThanOrEqual(expected)

    Expected: >= 400
    Received:    200

       8 |         test(`Negative case - ${name}`, async ({ apiContext }) => {
       9 |             const response = await apiContext.post(BASE_URLS.api_event, { data: data() });
    > 10 |             expect(response.status()).toBeGreaterThanOrEqual(400);
         |                                       ^
      11 |         });
      12 |     }
      13 | });
        at /app/src/tests/api/negative/api.negative.spec.ts:10:39

    attachment #1: trace (application/zip) ─────────────────────────────────────────────────────────
    ../../test-results/api-negative-api.negative--39deb-e-case---negative-videoTime/trace.zip
    Usage:

        npx playwright show-trace ../../test-results/api-negative-api.negative--39deb-e-case---negative-videoTime/trace.zip

    ────────────────────────────────────────────────────────────────────────────────────────────────

    Retry #1 ───────────────────────────────────────────────────────────────────────────────────────

    Error: expect(received).toBeGreaterThanOrEqual(expected)

    Expected: >= 400
    Received:    200

       8 |         test(`Negative case - ${name}`, async ({ apiContext }) => {
       9 |             const response = await apiContext.post(BASE_URLS.api_event, { data: data() });
    > 10 |             expect(response.status()).toBeGreaterThanOrEqual(400);
         |                                       ^
      11 |         });
      12 |     }
      13 | });
        at /app/src/tests/api/negative/api.negative.spec.ts:10:39

    attachment #1: trace (application/zip) ─────────────────────────────────────────────────────────
    ../../test-results/api-negative-api.negative--39deb-e-case---negative-videoTime-retry1/trace.zip
    Usage:

        npx playwright show-trace ../../test-results/api-negative-api.negative--39deb-e-case---negative-videoTime-retry1/trace.zip

    ────────────────────────────────────────────────────────────────────────────────────────────────

    Retry #2 ───────────────────────────────────────────────────────────────────────────────────────

    Error: expect(received).toBeGreaterThanOrEqual(expected)

    Expected: >= 400
    Received:    200

       8 |         test(`Negative case - ${name}`, async ({ apiContext }) => {
       9 |             const response = await apiContext.post(BASE_URLS.api_event, { data: data() });
    > 10 |             expect(response.status()).toBeGreaterThanOrEqual(400);
         |                                       ^
      11 |         });
      12 |     }
      13 | });
        at /app/src/tests/api/negative/api.negative.spec.ts:10:39

    attachment #1: trace (application/zip) ─────────────────────────────────────────────────────────
    ../../test-results/api-negative-api.negative--39deb-e-case---negative-videoTime-retry2/trace.zip
    Usage:

        npx playwright show-trace ../../test-results/api-negative-api.negative--39deb-e-case---negative-videoTime-retry2/trace.zip

    ────────────────────────────────────────────────────────────────────────────────────────────────
]]>
</failure>
<system-out>
<![CDATA[
[[ATTACHMENT|../test-results/api-negative-api.negative--39deb-e-case---negative-videoTime/trace.zip]]

[[ATTACHMENT|../test-results/api-negative-api.negative--39deb-e-case---negative-videoTime-retry1/trace.zip]]

[[ATTACHMENT|../test-results/api-negative-api.negative--39deb-e-case---negative-videoTime-retry2/trace.zip]]
]]>
</system-out>
</testcase>
<testcase name="API --&gt; http://host.docker.internal:3000/api/event - Negative cases @negative @api › Negative case - extra unexpected field" classname="api/negative/api.negative.spec.ts" time="0.341">
<failure message="api.negative.spec.ts:8:13 Negative case - extra unexpected field" type="FAILURE">
<![CDATA[  api/negative/api.negative.spec.ts:8:13 › API --> http://host.docker.internal:3000/api/event - Negative cases @negative @api › Negative case - extra unexpected field 

    Error: expect(received).toBeGreaterThanOrEqual(expected)

    Expected: >= 400
    Received:    200

       8 |         test(`Negative case - ${name}`, async ({ apiContext }) => {
       9 |             const response = await apiContext.post(BASE_URLS.api_event, { data: data() });
    > 10 |             expect(response.status()).toBeGreaterThanOrEqual(400);
         |                                       ^
      11 |         });
      12 |     }
      13 | });
        at /app/src/tests/api/negative/api.negative.spec.ts:10:39

    attachment #1: trace (application/zip) ─────────────────────────────────────────────────────────
    ../../test-results/api-negative-api.negative--2f4e0-se---extra-unexpected-field/trace.zip
    Usage:

        npx playwright show-trace ../../test-results/api-negative-api.negative--2f4e0-se---extra-unexpected-field/trace.zip

    ────────────────────────────────────────────────────────────────────────────────────────────────

    Retry #1 ───────────────────────────────────────────────────────────────────────────────────────

    Error: expect(received).toBeGreaterThanOrEqual(expected)

    Expected: >= 400
    Received:    200

       8 |         test(`Negative case - ${name}`, async ({ apiContext }) => {
       9 |             const response = await apiContext.post(BASE_URLS.api_event, { data: data() });
    > 10 |             expect(response.status()).toBeGreaterThanOrEqual(400);
         |                                       ^
      11 |         });
      12 |     }
      13 | });
        at /app/src/tests/api/negative/api.negative.spec.ts:10:39

    attachment #1: trace (application/zip) ─────────────────────────────────────────────────────────
    ../../test-results/api-negative-api.negative--2f4e0-se---extra-unexpected-field-retry1/trace.zip
    Usage:

        npx playwright show-trace ../../test-results/api-negative-api.negative--2f4e0-se---extra-unexpected-field-retry1/trace.zip

    ────────────────────────────────────────────────────────────────────────────────────────────────

    Retry #2 ───────────────────────────────────────────────────────────────────────────────────────

    Error: expect(received).toBeGreaterThanOrEqual(expected)

    Expected: >= 400
    Received:    200

       8 |         test(`Negative case - ${name}`, async ({ apiContext }) => {
       9 |             const response = await apiContext.post(BASE_URLS.api_event, { data: data() });
    > 10 |             expect(response.status()).toBeGreaterThanOrEqual(400);
         |                                       ^
      11 |         });
      12 |     }
      13 | });
        at /app/src/tests/api/negative/api.negative.spec.ts:10:39

    attachment #1: trace (application/zip) ─────────────────────────────────────────────────────────
    ../../test-results/api-negative-api.negative--2f4e0-se---extra-unexpected-field-retry2/trace.zip
    Usage:

        npx playwright show-trace ../../test-results/api-negative-api.negative--2f4e0-se---extra-unexpected-field-retry2/trace.zip

    ────────────────────────────────────────────────────────────────────────────────────────────────
]]>
</failure>
<system-out>
<![CDATA[
[[ATTACHMENT|../test-results/api-negative-api.negative--2f4e0-se---extra-unexpected-field/trace.zip]]

[[ATTACHMENT|../test-results/api-negative-api.negative--2f4e0-se---extra-unexpected-field-retry1/trace.zip]]

[[ATTACHMENT|../test-results/api-negative-api.negative--2f4e0-se---extra-unexpected-field-retry2/trace.zip]]
]]>
</system-out>
</testcase>
<testcase name="API --&gt; http://host.docker.internal:3000/api/event - Negative cases @negative @api › Negative case - SQL injection attempt" classname="api/negative/api.negative.spec.ts" time="0.361">
<failure message="api.negative.spec.ts:8:13 Negative case - SQL injection attempt" type="FAILURE">
<![CDATA[  api/negative/api.negative.spec.ts:8:13 › API --> http://host.docker.internal:3000/api/event - Negative cases @negative @api › Negative case - SQL injection attempt 

    Error: expect(received).toBeGreaterThanOrEqual(expected)

    Expected: >= 400
    Received:    200

       8 |         test(`Negative case - ${name}`, async ({ apiContext }) => {
       9 |             const response = await apiContext.post(BASE_URLS.api_event, { data: data() });
    > 10 |             expect(response.status()).toBeGreaterThanOrEqual(400);
         |                                       ^
      11 |         });
      12 |     }
      13 | });
        at /app/src/tests/api/negative/api.negative.spec.ts:10:39

    attachment #1: trace (application/zip) ─────────────────────────────────────────────────────────
    ../../test-results/api-negative-api.negative--91cd5-ase---SQL-injection-attempt/trace.zip
    Usage:

        npx playwright show-trace ../../test-results/api-negative-api.negative--91cd5-ase---SQL-injection-attempt/trace.zip

    ────────────────────────────────────────────────────────────────────────────────────────────────

    Retry #1 ───────────────────────────────────────────────────────────────────────────────────────

    Error: expect(received).toBeGreaterThanOrEqual(expected)

    Expected: >= 400
    Received:    200

       8 |         test(`Negative case - ${name}`, async ({ apiContext }) => {
       9 |             const response = await apiContext.post(BASE_URLS.api_event, { data: data() });
    > 10 |             expect(response.status()).toBeGreaterThanOrEqual(400);
         |                                       ^
      11 |         });
      12 |     }
      13 | });
        at /app/src/tests/api/negative/api.negative.spec.ts:10:39

    attachment #1: trace (application/zip) ─────────────────────────────────────────────────────────
    ../../test-results/api-negative-api.negative--91cd5-ase---SQL-injection-attempt-retry1/trace.zip
    Usage:

        npx playwright show-trace ../../test-results/api-negative-api.negative--91cd5-ase---SQL-injection-attempt-retry1/trace.zip

    ────────────────────────────────────────────────────────────────────────────────────────────────

    Retry #2 ───────────────────────────────────────────────────────────────────────────────────────

    Error: expect(received).toBeGreaterThanOrEqual(expected)

    Expected: >= 400
    Received:    200

       8 |         test(`Negative case - ${name}`, async ({ apiContext }) => {
       9 |             const response = await apiContext.post(BASE_URLS.api_event, { data: data() });
    > 10 |             expect(response.status()).toBeGreaterThanOrEqual(400);
         |                                       ^
      11 |         });
      12 |     }
      13 | });
        at /app/src/tests/api/negative/api.negative.spec.ts:10:39

    attachment #1: trace (application/zip) ─────────────────────────────────────────────────────────
    ../../test-results/api-negative-api.negative--91cd5-ase---SQL-injection-attempt-retry2/trace.zip
    Usage:

        npx playwright show-trace ../../test-results/api-negative-api.negative--91cd5-ase---SQL-injection-attempt-retry2/trace.zip

    ────────────────────────────────────────────────────────────────────────────────────────────────
]]>
</failure>
<system-out>
<![CDATA[
[[ATTACHMENT|../test-results/api-negative-api.negative--91cd5-ase---SQL-injection-attempt/trace.zip]]

[[ATTACHMENT|../test-results/api-negative-api.negative--91cd5-ase---SQL-injection-attempt-retry1/trace.zip]]

[[ATTACHMENT|../test-results/api-negative-api.negative--91cd5-ase---SQL-injection-attempt-retry2/trace.zip]]
]]>
</system-out>
</testcase>
<testcase name="API --&gt; http://host.docker.internal:3000/api/event - Negative cases @negative @api › Negative case - XSS injection attempt" classname="api/negative/api.negative.spec.ts" time="0.396">
<failure message="api.negative.spec.ts:8:13 Negative case - XSS injection attempt" type="FAILURE">
<![CDATA[  api/negative/api.negative.spec.ts:8:13 › API --> http://host.docker.internal:3000/api/event - Negative cases @negative @api › Negative case - XSS injection attempt 

    Error: expect(received).toBeGreaterThanOrEqual(expected)

    Expected: >= 400
    Received:    200

       8 |         test(`Negative case - ${name}`, async ({ apiContext }) => {
       9 |             const response = await apiContext.post(BASE_URLS.api_event, { data: data() });
    > 10 |             expect(response.status()).toBeGreaterThanOrEqual(400);
         |                                       ^
      11 |         });
      12 |     }
      13 | });
        at /app/src/tests/api/negative/api.negative.spec.ts:10:39

    attachment #1: trace (application/zip) ─────────────────────────────────────────────────────────
    ../../test-results/api-negative-api.negative--92020-ase---XSS-injection-attempt/trace.zip
    Usage:

        npx playwright show-trace ../../test-results/api-negative-api.negative--92020-ase---XSS-injection-attempt/trace.zip

    ────────────────────────────────────────────────────────────────────────────────────────────────

    Retry #1 ───────────────────────────────────────────────────────────────────────────────────────

    Error: expect(received).toBeGreaterThanOrEqual(expected)

    Expected: >= 400
    Received:    200

       8 |         test(`Negative case - ${name}`, async ({ apiContext }) => {
       9 |             const response = await apiContext.post(BASE_URLS.api_event, { data: data() });
    > 10 |             expect(response.status()).toBeGreaterThanOrEqual(400);
         |                                       ^
      11 |         });
      12 |     }
      13 | });
        at /app/src/tests/api/negative/api.negative.spec.ts:10:39

    attachment #1: trace (application/zip) ─────────────────────────────────────────────────────────
    ../../test-results/api-negative-api.negative--92020-ase---XSS-injection-attempt-retry1/trace.zip
    Usage:

        npx playwright show-trace ../../test-results/api-negative-api.negative--92020-ase---XSS-injection-attempt-retry1/trace.zip

    ────────────────────────────────────────────────────────────────────────────────────────────────

    Retry #2 ───────────────────────────────────────────────────────────────────────────────────────

    Error: expect(received).toBeGreaterThanOrEqual(expected)

    Expected: >= 400
    Received:    200

       8 |         test(`Negative case - ${name}`, async ({ apiContext }) => {
       9 |             const response = await apiContext.post(BASE_URLS.api_event, { data: data() });
    > 10 |             expect(response.status()).toBeGreaterThanOrEqual(400);
         |                                       ^
      11 |         });
      12 |     }
      13 | });
        at /app/src/tests/api/negative/api.negative.spec.ts:10:39

    attachment #1: trace (application/zip) ─────────────────────────────────────────────────────────
    ../../test-results/api-negative-api.negative--92020-ase---XSS-injection-attempt-retry2/trace.zip
    Usage:

        npx playwright show-trace ../../test-results/api-negative-api.negative--92020-ase---XSS-injection-attempt-retry2/trace.zip

    ────────────────────────────────────────────────────────────────────────────────────────────────
]]>
</failure>
<system-out>
<![CDATA[
[[ATTACHMENT|../test-results/api-negative-api.negative--92020-ase---XSS-injection-attempt/trace.zip]]

[[ATTACHMENT|../test-results/api-negative-api.negative--92020-ase---XSS-injection-attempt-retry1/trace.zip]]

[[ATTACHMENT|../test-results/api-negative-api.negative--92020-ase---XSS-injection-attempt-retry2/trace.zip]]
]]>
</system-out>
</testcase>
<testcase name="API --&gt; http://host.docker.internal:3000/api/event - Negative cases @negative @api › Negative case - invalid symbols in type" classname="api/negative/api.negative.spec.ts" time="0.397">
<failure message="api.negative.spec.ts:8:13 Negative case - invalid symbols in type" type="FAILURE">
<![CDATA[  api/negative/api.negative.spec.ts:8:13 › API --> http://host.docker.internal:3000/api/event - Negative cases @negative @api › Negative case - invalid symbols in type 

    Error: expect(received).toBeGreaterThanOrEqual(expected)

    Expected: >= 400
    Received:    200

       8 |         test(`Negative case - ${name}`, async ({ apiContext }) => {
       9 |             const response = await apiContext.post(BASE_URLS.api_event, { data: data() });
    > 10 |             expect(response.status()).toBeGreaterThanOrEqual(400);
         |                                       ^
      11 |         });
      12 |     }
      13 | });
        at /app/src/tests/api/negative/api.negative.spec.ts:10:39

    attachment #1: trace (application/zip) ─────────────────────────────────────────────────────────
    ../../test-results/api-negative-api.negative--61d64-e---invalid-symbols-in-type/trace.zip
    Usage:

        npx playwright show-trace ../../test-results/api-negative-api.negative--61d64-e---invalid-symbols-in-type/trace.zip

    ────────────────────────────────────────────────────────────────────────────────────────────────

    Retry #1 ───────────────────────────────────────────────────────────────────────────────────────

    Error: expect(received).toBeGreaterThanOrEqual(expected)

    Expected: >= 400
    Received:    200

       8 |         test(`Negative case - ${name}`, async ({ apiContext }) => {
       9 |             const response = await apiContext.post(BASE_URLS.api_event, { data: data() });
    > 10 |             expect(response.status()).toBeGreaterThanOrEqual(400);
         |                                       ^
      11 |         });
      12 |     }
      13 | });
        at /app/src/tests/api/negative/api.negative.spec.ts:10:39

    attachment #1: trace (application/zip) ─────────────────────────────────────────────────────────
    ../../test-results/api-negative-api.negative--61d64-e---invalid-symbols-in-type-retry1/trace.zip
    Usage:

        npx playwright show-trace ../../test-results/api-negative-api.negative--61d64-e---invalid-symbols-in-type-retry1/trace.zip

    ────────────────────────────────────────────────────────────────────────────────────────────────

    Retry #2 ───────────────────────────────────────────────────────────────────────────────────────

    Error: expect(received).toBeGreaterThanOrEqual(expected)

    Expected: >= 400
    Received:    200

       8 |         test(`Negative case - ${name}`, async ({ apiContext }) => {
       9 |             const response = await apiContext.post(BASE_URLS.api_event, { data: data() });
    > 10 |             expect(response.status()).toBeGreaterThanOrEqual(400);
         |                                       ^
      11 |         });
      12 |     }
      13 | });
        at /app/src/tests/api/negative/api.negative.spec.ts:10:39

    attachment #1: trace (application/zip) ─────────────────────────────────────────────────────────
    ../../test-results/api-negative-api.negative--61d64-e---invalid-symbols-in-type-retry2/trace.zip
    Usage:

        npx playwright show-trace ../../test-results/api-negative-api.negative--61d64-e---invalid-symbols-in-type-retry2/trace.zip

    ────────────────────────────────────────────────────────────────────────────────────────────────
]]>
</failure>
<system-out>
<![CDATA[
[[ATTACHMENT|../test-results/api-negative-api.negative--61d64-e---invalid-symbols-in-type/trace.zip]]

[[ATTACHMENT|../test-results/api-negative-api.negative--61d64-e---invalid-symbols-in-type-retry1/trace.zip]]

[[ATTACHMENT|../test-results/api-negative-api.negative--61d64-e---invalid-symbols-in-type-retry2/trace.zip]]
]]>
</system-out>
</testcase>
<testcase name="API --&gt; http://host.docker.internal:3000/api/event - Negative cases @negative @api › Negative case - non-string userId" classname="api/negative/api.negative.spec.ts" time="0.29">
<failure message="api.negative.spec.ts:8:13 Negative case - non-string userId" type="FAILURE">
<![CDATA[  api/negative/api.negative.spec.ts:8:13 › API --> http://host.docker.internal:3000/api/event - Negative cases @negative @api › Negative case - non-string userId 

    Error: expect(received).toBeGreaterThanOrEqual(expected)

    Expected: >= 400
    Received:    200

       8 |         test(`Negative case - ${name}`, async ({ apiContext }) => {
       9 |             const response = await apiContext.post(BASE_URLS.api_event, { data: data() });
    > 10 |             expect(response.status()).toBeGreaterThanOrEqual(400);
         |                                       ^
      11 |         });
      12 |     }
      13 | });
        at /app/src/tests/api/negative/api.negative.spec.ts:10:39

    attachment #1: trace (application/zip) ─────────────────────────────────────────────────────────
    ../../test-results/api-negative-api.negative--eb90d-ve-case---non-string-userId/trace.zip
    Usage:

        npx playwright show-trace ../../test-results/api-negative-api.negative--eb90d-ve-case---non-string-userId/trace.zip

    ────────────────────────────────────────────────────────────────────────────────────────────────

    Retry #1 ───────────────────────────────────────────────────────────────────────────────────────

    Error: expect(received).toBeGreaterThanOrEqual(expected)

    Expected: >= 400
    Received:    200

       8 |         test(`Negative case - ${name}`, async ({ apiContext }) => {
       9 |             const response = await apiContext.post(BASE_URLS.api_event, { data: data() });
    > 10 |             expect(response.status()).toBeGreaterThanOrEqual(400);
         |                                       ^
      11 |         });
      12 |     }
      13 | });
        at /app/src/tests/api/negative/api.negative.spec.ts:10:39

    attachment #1: trace (application/zip) ─────────────────────────────────────────────────────────
    ../../test-results/api-negative-api.negative--eb90d-ve-case---non-string-userId-retry1/trace.zip
    Usage:

        npx playwright show-trace ../../test-results/api-negative-api.negative--eb90d-ve-case---non-string-userId-retry1/trace.zip

    ────────────────────────────────────────────────────────────────────────────────────────────────

    Retry #2 ───────────────────────────────────────────────────────────────────────────────────────

    Error: expect(received).toBeGreaterThanOrEqual(expected)

    Expected: >= 400
    Received:    200

       8 |         test(`Negative case - ${name}`, async ({ apiContext }) => {
       9 |             const response = await apiContext.post(BASE_URLS.api_event, { data: data() });
    > 10 |             expect(response.status()).toBeGreaterThanOrEqual(400);
         |                                       ^
      11 |         });
      12 |     }
      13 | });
        at /app/src/tests/api/negative/api.negative.spec.ts:10:39

    attachment #1: trace (application/zip) ─────────────────────────────────────────────────────────
    ../../test-results/api-negative-api.negative--eb90d-ve-case---non-string-userId-retry2/trace.zip
    Usage:

        npx playwright show-trace ../../test-results/api-negative-api.negative--eb90d-ve-case---non-string-userId-retry2/trace.zip

    ────────────────────────────────────────────────────────────────────────────────────────────────
]]>
</failure>
<system-out>
<![CDATA[
[[ATTACHMENT|../test-results/api-negative-api.negative--eb90d-ve-case---non-string-userId/trace.zip]]

[[ATTACHMENT|../test-results/api-negative-api.negative--eb90d-ve-case---non-string-userId-retry1/trace.zip]]

[[ATTACHMENT|../test-results/api-negative-api.negative--eb90d-ve-case---non-string-userId-retry2/trace.zip]]
]]>
</system-out>
</testcase>
<testcase name="API --&gt; http://host.docker.internal:3000/api/event - Negative cases @negative @api › Negative case - missing type field" classname="api/negative/api.negative.spec.ts" time="0.375">
<failure message="api.negative.spec.ts:8:13 Negative case - missing type field" type="FAILURE">
<![CDATA[  api/negative/api.negative.spec.ts:8:13 › API --> http://host.docker.internal:3000/api/event - Negative cases @negative @api › Negative case - missing type field 

    Error: expect(received).toBeGreaterThanOrEqual(expected)

    Expected: >= 400
    Received:    200

       8 |         test(`Negative case - ${name}`, async ({ apiContext }) => {
       9 |             const response = await apiContext.post(BASE_URLS.api_event, { data: data() });
    > 10 |             expect(response.status()).toBeGreaterThanOrEqual(400);
         |                                       ^
      11 |         });
      12 |     }
      13 | });
        at /app/src/tests/api/negative/api.negative.spec.ts:10:39

    attachment #1: trace (application/zip) ─────────────────────────────────────────────────────────
    ../../test-results/api-negative-api.negative--e640a-e-case---missing-type-field/trace.zip
    Usage:

        npx playwright show-trace ../../test-results/api-negative-api.negative--e640a-e-case---missing-type-field/trace.zip

    ────────────────────────────────────────────────────────────────────────────────────────────────

    Retry #1 ───────────────────────────────────────────────────────────────────────────────────────

    Error: expect(received).toBeGreaterThanOrEqual(expected)

    Expected: >= 400
    Received:    200

       8 |         test(`Negative case - ${name}`, async ({ apiContext }) => {
       9 |             const response = await apiContext.post(BASE_URLS.api_event, { data: data() });
    > 10 |             expect(response.status()).toBeGreaterThanOrEqual(400);
         |                                       ^
      11 |         });
      12 |     }
      13 | });
        at /app/src/tests/api/negative/api.negative.spec.ts:10:39

    attachment #1: trace (application/zip) ─────────────────────────────────────────────────────────
    ../../test-results/api-negative-api.negative--e640a-e-case---missing-type-field-retry1/trace.zip
    Usage:

        npx playwright show-trace ../../test-results/api-negative-api.negative--e640a-e-case---missing-type-field-retry1/trace.zip

    ────────────────────────────────────────────────────────────────────────────────────────────────

    Retry #2 ───────────────────────────────────────────────────────────────────────────────────────

    Error: expect(received).toBeGreaterThanOrEqual(expected)

    Expected: >= 400
    Received:    200

       8 |         test(`Negative case - ${name}`, async ({ apiContext }) => {
       9 |             const response = await apiContext.post(BASE_URLS.api_event, { data: data() });
    > 10 |             expect(response.status()).toBeGreaterThanOrEqual(400);
         |                                       ^
      11 |         });
      12 |     }
      13 | });
        at /app/src/tests/api/negative/api.negative.spec.ts:10:39

    attachment #1: trace (application/zip) ─────────────────────────────────────────────────────────
    ../../test-results/api-negative-api.negative--e640a-e-case---missing-type-field-retry2/trace.zip
    Usage:

        npx playwright show-trace ../../test-results/api-negative-api.negative--e640a-e-case---missing-type-field-retry2/trace.zip

    ────────────────────────────────────────────────────────────────────────────────────────────────
]]>
</failure>
<system-out>
<![CDATA[
[[ATTACHMENT|../test-results/api-negative-api.negative--e640a-e-case---missing-type-field/trace.zip]]

[[ATTACHMENT|../test-results/api-negative-api.negative--e640a-e-case---missing-type-field-retry1/trace.zip]]

[[ATTACHMENT|../test-results/api-negative-api.negative--e640a-e-case---missing-type-field-retry2/trace.zip]]
]]>
</system-out>
</testcase>
<testcase name="API --&gt; http://host.docker.internal:3000/api/event - Negative cases @negative @api › Negative case - null values for all fields" classname="api/negative/api.negative.spec.ts" time="0.449">
<failure message="api.negative.spec.ts:8:13 Negative case - null values for all fields" type="FAILURE">
<![CDATA[  api/negative/api.negative.spec.ts:8:13 › API --> http://host.docker.internal:3000/api/event - Negative cases @negative @api › Negative case - null values for all fields 

    Error: expect(received).toBeGreaterThanOrEqual(expected)

    Expected: >= 400
    Received:    200

       8 |         test(`Negative case - ${name}`, async ({ apiContext }) => {
       9 |             const response = await apiContext.post(BASE_URLS.api_event, { data: data() });
    > 10 |             expect(response.status()).toBeGreaterThanOrEqual(400);
         |                                       ^
      11 |         });
      12 |     }
      13 | });
        at /app/src/tests/api/negative/api.negative.spec.ts:10:39

    attachment #1: trace (application/zip) ─────────────────────────────────────────────────────────
    ../../test-results/api-negative-api.negative--c3cf1--null-values-for-all-fields/trace.zip
    Usage:

        npx playwright show-trace ../../test-results/api-negative-api.negative--c3cf1--null-values-for-all-fields/trace.zip

    ────────────────────────────────────────────────────────────────────────────────────────────────

    Retry #1 ───────────────────────────────────────────────────────────────────────────────────────

    Error: expect(received).toBeGreaterThanOrEqual(expected)

    Expected: >= 400
    Received:    200

       8 |         test(`Negative case - ${name}`, async ({ apiContext }) => {
       9 |             const response = await apiContext.post(BASE_URLS.api_event, { data: data() });
    > 10 |             expect(response.status()).toBeGreaterThanOrEqual(400);
         |                                       ^
      11 |         });
      12 |     }
      13 | });
        at /app/src/tests/api/negative/api.negative.spec.ts:10:39

    attachment #1: trace (application/zip) ─────────────────────────────────────────────────────────
    ../../test-results/api-negative-api.negative--c3cf1--null-values-for-all-fields-retry1/trace.zip
    Usage:

        npx playwright show-trace ../../test-results/api-negative-api.negative--c3cf1--null-values-for-all-fields-retry1/trace.zip

    ────────────────────────────────────────────────────────────────────────────────────────────────

    Retry #2 ───────────────────────────────────────────────────────────────────────────────────────

    Error: expect(received).toBeGreaterThanOrEqual(expected)

    Expected: >= 400
    Received:    200

       8 |         test(`Negative case - ${name}`, async ({ apiContext }) => {
       9 |             const response = await apiContext.post(BASE_URLS.api_event, { data: data() });
    > 10 |             expect(response.status()).toBeGreaterThanOrEqual(400);
         |                                       ^
      11 |         });
      12 |     }
      13 | });
        at /app/src/tests/api/negative/api.negative.spec.ts:10:39

    attachment #1: trace (application/zip) ─────────────────────────────────────────────────────────
    ../../test-results/api-negative-api.negative--c3cf1--null-values-for-all-fields-retry2/trace.zip
    Usage:

        npx playwright show-trace ../../test-results/api-negative-api.negative--c3cf1--null-values-for-all-fields-retry2/trace.zip

    ────────────────────────────────────────────────────────────────────────────────────────────────
]]>
</failure>
<system-out>
<![CDATA[
[[ATTACHMENT|../test-results/api-negative-api.negative--c3cf1--null-values-for-all-fields/trace.zip]]

[[ATTACHMENT|../test-results/api-negative-api.negative--c3cf1--null-values-for-all-fields-retry1/trace.zip]]

[[ATTACHMENT|../test-results/api-negative-api.negative--c3cf1--null-values-for-all-fields-retry2/trace.zip]]
]]>
</system-out>
</testcase>
<testcase name="API --&gt; http://host.docker.internal:3000/api/event - Negative cases @negative @api › Negative case - international characters in userId" classname="api/negative/api.negative.spec.ts" time="0.311">
<failure message="api.negative.spec.ts:8:13 Negative case - international characters in userId" type="FAILURE">
<![CDATA[  api/negative/api.negative.spec.ts:8:13 › API --> http://host.docker.internal:3000/api/event - Negative cases @negative @api › Negative case - international characters in userId 

    Error: expect(received).toBeGreaterThanOrEqual(expected)

    Expected: >= 400
    Received:    200

       8 |         test(`Negative case - ${name}`, async ({ apiContext }) => {
       9 |             const response = await apiContext.post(BASE_URLS.api_event, { data: data() });
    > 10 |             expect(response.status()).toBeGreaterThanOrEqual(400);
         |                                       ^
      11 |         });
      12 |     }
      13 | });
        at /app/src/tests/api/negative/api.negative.spec.ts:10:39

    attachment #1: trace (application/zip) ─────────────────────────────────────────────────────────
    ../../test-results/api-negative-api.negative--8ebb2-tional-characters-in-userId/trace.zip
    Usage:

        npx playwright show-trace ../../test-results/api-negative-api.negative--8ebb2-tional-characters-in-userId/trace.zip

    ────────────────────────────────────────────────────────────────────────────────────────────────

    Retry #1 ───────────────────────────────────────────────────────────────────────────────────────

    Error: expect(received).toBeGreaterThanOrEqual(expected)

    Expected: >= 400
    Received:    200

       8 |         test(`Negative case - ${name}`, async ({ apiContext }) => {
       9 |             const response = await apiContext.post(BASE_URLS.api_event, { data: data() });
    > 10 |             expect(response.status()).toBeGreaterThanOrEqual(400);
         |                                       ^
      11 |         });
      12 |     }
      13 | });
        at /app/src/tests/api/negative/api.negative.spec.ts:10:39

    attachment #1: trace (application/zip) ─────────────────────────────────────────────────────────
    ../../test-results/api-negative-api.negative--8ebb2-tional-characters-in-userId-retry1/trace.zip
    Usage:

        npx playwright show-trace ../../test-results/api-negative-api.negative--8ebb2-tional-characters-in-userId-retry1/trace.zip

    ────────────────────────────────────────────────────────────────────────────────────────────────

    Retry #2 ───────────────────────────────────────────────────────────────────────────────────────

    Error: expect(received).toBeGreaterThanOrEqual(expected)

    Expected: >= 400
    Received:    200

       8 |         test(`Negative case - ${name}`, async ({ apiContext }) => {
       9 |             const response = await apiContext.post(BASE_URLS.api_event, { data: data() });
    > 10 |             expect(response.status()).toBeGreaterThanOrEqual(400);
         |                                       ^
      11 |         });
      12 |     }
      13 | });
        at /app/src/tests/api/negative/api.negative.spec.ts:10:39

    attachment #1: trace (application/zip) ─────────────────────────────────────────────────────────
    ../../test-results/api-negative-api.negative--8ebb2-tional-characters-in-userId-retry2/trace.zip
    Usage:

        npx playwright show-trace ../../test-results/api-negative-api.negative--8ebb2-tional-characters-in-userId-retry2/trace.zip

    ────────────────────────────────────────────────────────────────────────────────────────────────
]]>
</failure>
<system-out>
<![CDATA[
[[ATTACHMENT|../test-results/api-negative-api.negative--8ebb2-tional-characters-in-userId/trace.zip]]

[[ATTACHMENT|../test-results/api-negative-api.negative--8ebb2-tional-characters-in-userId-retry1/trace.zip]]

[[ATTACHMENT|../test-results/api-negative-api.negative--8ebb2-tional-characters-in-userId-retry2/trace.zip]]
]]>
</system-out>
</testcase>
<testcase name="API --&gt; http://host.docker.internal:3000/api/event - Negative cases @negative @api › Negative case - empty strings in userId and type" classname="api/negative/api.negative.spec.ts" time="0.396">
<failure message="api.negative.spec.ts:8:13 Negative case - empty strings in userId and type" type="FAILURE">
<![CDATA[  api/negative/api.negative.spec.ts:8:13 › API --> http://host.docker.internal:3000/api/event - Negative cases @negative @api › Negative case - empty strings in userId and type 

    Error: expect(received).toBeGreaterThanOrEqual(expected)

    Expected: >= 400
    Received:    200

       8 |         test(`Negative case - ${name}`, async ({ apiContext }) => {
       9 |             const response = await apiContext.post(BASE_URLS.api_event, { data: data() });
    > 10 |             expect(response.status()).toBeGreaterThanOrEqual(400);
         |                                       ^
      11 |         });
      12 |     }
      13 | });
        at /app/src/tests/api/negative/api.negative.spec.ts:10:39

    attachment #1: trace (application/zip) ─────────────────────────────────────────────────────────
    ../../test-results/api-negative-api.negative--d2b5e--strings-in-userId-and-type/trace.zip
    Usage:

        npx playwright show-trace ../../test-results/api-negative-api.negative--d2b5e--strings-in-userId-and-type/trace.zip

    ────────────────────────────────────────────────────────────────────────────────────────────────

    Retry #1 ───────────────────────────────────────────────────────────────────────────────────────

    Error: expect(received).toBeGreaterThanOrEqual(expected)

    Expected: >= 400
    Received:    200

       8 |         test(`Negative case - ${name}`, async ({ apiContext }) => {
       9 |             const response = await apiContext.post(BASE_URLS.api_event, { data: data() });
    > 10 |             expect(response.status()).toBeGreaterThanOrEqual(400);
         |                                       ^
      11 |         });
      12 |     }
      13 | });
        at /app/src/tests/api/negative/api.negative.spec.ts:10:39

    attachment #1: trace (application/zip) ─────────────────────────────────────────────────────────
    ../../test-results/api-negative-api.negative--d2b5e--strings-in-userId-and-type-retry1/trace.zip
    Usage:

        npx playwright show-trace ../../test-results/api-negative-api.negative--d2b5e--strings-in-userId-and-type-retry1/trace.zip

    ────────────────────────────────────────────────────────────────────────────────────────────────

    Retry #2 ───────────────────────────────────────────────────────────────────────────────────────

    Error: expect(received).toBeGreaterThanOrEqual(expected)

    Expected: >= 400
    Received:    200

       8 |         test(`Negative case - ${name}`, async ({ apiContext }) => {
       9 |             const response = await apiContext.post(BASE_URLS.api_event, { data: data() });
    > 10 |             expect(response.status()).toBeGreaterThanOrEqual(400);
         |                                       ^
      11 |         });
      12 |     }
      13 | });
        at /app/src/tests/api/negative/api.negative.spec.ts:10:39

    attachment #1: trace (application/zip) ─────────────────────────────────────────────────────────
    ../../test-results/api-negative-api.negative--d2b5e--strings-in-userId-and-type-retry2/trace.zip
    Usage:

        npx playwright show-trace ../../test-results/api-negative-api.negative--d2b5e--strings-in-userId-and-type-retry2/trace.zip

    ────────────────────────────────────────────────────────────────────────────────────────────────
]]>
</failure>
<system-out>
<![CDATA[
[[ATTACHMENT|../test-results/api-negative-api.negative--d2b5e--strings-in-userId-and-type/trace.zip]]

[[ATTACHMENT|../test-results/api-negative-api.negative--d2b5e--strings-in-userId-and-type-retry1/trace.zip]]

[[ATTACHMENT|../test-results/api-negative-api.negative--d2b5e--strings-in-userId-and-type-retry2/trace.zip]]
]]>
</system-out>
</testcase>
<testcase name="API --&gt; http://host.docker.internal:3000/api/event - Negative cases @negative @api › Negative case - whitespace strings in userId and type" classname="api/negative/api.negative.spec.ts" time="0.354">
<failure message="api.negative.spec.ts:8:13 Negative case - whitespace strings in userId and type" type="FAILURE">
<![CDATA[  api/negative/api.negative.spec.ts:8:13 › API --> http://host.docker.internal:3000/api/event - Negative cases @negative @api › Negative case - whitespace strings in userId and type 

    Error: expect(received).toBeGreaterThanOrEqual(expected)

    Expected: >= 400
    Received:    200

       8 |         test(`Negative case - ${name}`, async ({ apiContext }) => {
       9 |             const response = await apiContext.post(BASE_URLS.api_event, { data: data() });
    > 10 |             expect(response.status()).toBeGreaterThanOrEqual(400);
         |                                       ^
      11 |         });
      12 |     }
      13 | });
        at /app/src/tests/api/negative/api.negative.spec.ts:10:39

    attachment #1: trace (application/zip) ─────────────────────────────────────────────────────────
    ../../test-results/api-negative-api.negative--aacd8--strings-in-userId-and-type/trace.zip
    Usage:

        npx playwright show-trace ../../test-results/api-negative-api.negative--aacd8--strings-in-userId-and-type/trace.zip

    ────────────────────────────────────────────────────────────────────────────────────────────────

    Retry #1 ───────────────────────────────────────────────────────────────────────────────────────

    Error: expect(received).toBeGreaterThanOrEqual(expected)

    Expected: >= 400
    Received:    200

       8 |         test(`Negative case - ${name}`, async ({ apiContext }) => {
       9 |             const response = await apiContext.post(BASE_URLS.api_event, { data: data() });
    > 10 |             expect(response.status()).toBeGreaterThanOrEqual(400);
         |                                       ^
      11 |         });
      12 |     }
      13 | });
        at /app/src/tests/api/negative/api.negative.spec.ts:10:39

    attachment #1: trace (application/zip) ─────────────────────────────────────────────────────────
    ../../test-results/api-negative-api.negative--aacd8--strings-in-userId-and-type-retry1/trace.zip
    Usage:

        npx playwright show-trace ../../test-results/api-negative-api.negative--aacd8--strings-in-userId-and-type-retry1/trace.zip

    ────────────────────────────────────────────────────────────────────────────────────────────────

    Retry #2 ───────────────────────────────────────────────────────────────────────────────────────

    Error: expect(received).toBeGreaterThanOrEqual(expected)

    Expected: >= 400
    Received:    200

       8 |         test(`Negative case - ${name}`, async ({ apiContext }) => {
       9 |             const response = await apiContext.post(BASE_URLS.api_event, { data: data() });
    > 10 |             expect(response.status()).toBeGreaterThanOrEqual(400);
         |                                       ^
      11 |         });
      12 |     }
      13 | });
        at /app/src/tests/api/negative/api.negative.spec.ts:10:39

    attachment #1: trace (application/zip) ─────────────────────────────────────────────────────────
    ../../test-results/api-negative-api.negative--aacd8--strings-in-userId-and-type-retry2/trace.zip
    Usage:

        npx playwright show-trace ../../test-results/api-negative-api.negative--aacd8--strings-in-userId-and-type-retry2/trace.zip

    ────────────────────────────────────────────────────────────────────────────────────────────────
]]>
</failure>
<system-out>
<![CDATA[
[[ATTACHMENT|../test-results/api-negative-api.negative--aacd8--strings-in-userId-and-type/trace.zip]]

[[ATTACHMENT|../test-results/api-negative-api.negative--aacd8--strings-in-userId-and-type-retry1/trace.zip]]

[[ATTACHMENT|../test-results/api-negative-api.negative--aacd8--strings-in-userId-and-type-retry2/trace.zip]]
]]>
</system-out>
</testcase>
</testsuite>
<testsuite name="api/positive/api.positive.spec.ts" timestamp="2025-07-15T09:10:14.571Z" hostname="" tests="10" failures="0" skipped="0" time="0.623" errors="0">
<testcase name="API --&gt; http://host.docker.internal:3000/api/event POST validation - Positive cases @api @positive › Positive case - play event" classname="api/positive/api.positive.spec.ts" time="0.068">
</testcase>
<testcase name="API --&gt; http://host.docker.internal:3000/api/event POST validation - Positive cases @api @positive › Positive case - pause event" classname="api/positive/api.positive.spec.ts" time="0.076">
</testcase>
<testcase name="API --&gt; http://host.docker.internal:3000/api/event POST validation - Positive cases @api @positive › Positive case - seeked event" classname="api/positive/api.positive.spec.ts" time="0.083">
</testcase>
<testcase name="API --&gt; http://host.docker.internal:3000/api/event POST validation - Positive cases @api @positive › Positive case - scroll event" classname="api/positive/api.positive.spec.ts" time="0.25">
</testcase>
<testcase name="API --&gt; http://host.docker.internal:3000/api/event POST validation - Positive cases @api @positive › Positive case - play near end" classname="api/positive/api.positive.spec.ts" time="0.029">
</testcase>
<testcase name="API --&gt; http://host.docker.internal:3000/api/event POST validation - Positive cases @api @positive › Positive case - pause at start" classname="api/positive/api.positive.spec.ts" time="0.027">
</testcase>
<testcase name="API --&gt; http://host.docker.internal:3000/api/event POST validation - Positive cases @api @positive › Positive case - seek to start" classname="api/positive/api.positive.spec.ts" time="0.023">
</testcase>
<testcase name="API --&gt; http://host.docker.internal:3000/api/event POST validation - Positive cases @api @positive › Positive case - scroll at mid video" classname="api/positive/api.positive.spec.ts" time="0.015">
</testcase>
<testcase name="API --&gt; http://host.docker.internal:3000/api/event POST validation - Positive cases @api @positive › Positive case - rapid seek near end" classname="api/positive/api.positive.spec.ts" time="0.027">
</testcase>
<testcase name="API --&gt; http://host.docker.internal:3000/api/event POST validation - Positive cases @api @positive › Positive case - pause from edge user" classname="api/positive/api.positive.spec.ts" time="0.025">
</testcase>
</testsuite>
<testsuite name="availability/availability.spec.ts" timestamp="2025-07-15T09:10:14.571Z" hostname="" tests="1" failures="0" skipped="0" time="1.753" errors="0">
<testcase name="Availability test › Main page loads and video player is ready @availability @ui" classname="availability/availability.spec.ts" time="1.753">
</testcase>
</testsuite>
<testsuite name="ui/video-player.e2e.spec.ts" timestamp="2025-07-15T09:10:14.571Z" hostname="" tests="1" failures="1" skipped="0" time="8.988" errors="0">
<testcase name="E2E Test - All available functions › E2E - Play, seek, pause, play, scroll - collect all events and verify @ui @e2e" classname="ui/video-player.e2e.spec.ts" time="8.988">
<failure message="video-player.e2e.spec.ts:5:9 E2E - Play, seek, pause, play, scroll - collect all events and verify @ui @e2e" type="FAILURE">
<![CDATA[  ui/video-player.e2e.spec.ts:5:9 › E2E Test - All available functions › E2E - Play, seek, pause, play, scroll - collect all events and verify @ui @e2e 

    Error: expect(received).toEqual(expected) // deep equality

    Expected: ArrayContaining ["play", "seeked", "pause", "play", "scroll"]
    Received: ["play", "play", "play", "seeked", "scroll"]

      11 |         await videoPlayerPage.scrollToPageBottom();
      12 |     });
    > 13 |     expect(events).toEqual(expect.arrayContaining(['play', 'seeked', 'pause', "play", 'scroll']));
         |                    ^
      14 |  });
      15 | });
      16 |
        at /app/src/tests/ui/video-player.e2e.spec.ts:13:20

    attachment #1: screenshot (image/png) ──────────────────────────────────────────────────────────
    ../../test-results/ui-video-player.e2e-E2E-Te-300a2-ll-events-and-verify-ui-e2e/test-failed-1.png
    ────────────────────────────────────────────────────────────────────────────────────────────────

    attachment #2: video (video/webm) ──────────────────────────────────────────────────────────────
    ../../test-results/ui-video-player.e2e-E2E-Te-300a2-ll-events-and-verify-ui-e2e/video.webm
    ────────────────────────────────────────────────────────────────────────────────────────────────

    Error Context: ../../test-results/ui-video-player.e2e-E2E-Te-300a2-ll-events-and-verify-ui-e2e/error-context.md

    attachment #4: trace (application/zip) ─────────────────────────────────────────────────────────
    ../../test-results/ui-video-player.e2e-E2E-Te-300a2-ll-events-and-verify-ui-e2e/trace.zip
    Usage:

        npx playwright show-trace ../../test-results/ui-video-player.e2e-E2E-Te-300a2-ll-events-and-verify-ui-e2e/trace.zip

    ────────────────────────────────────────────────────────────────────────────────────────────────

    Retry #1 ───────────────────────────────────────────────────────────────────────────────────────

    Error: expect(received).toEqual(expected) // deep equality

    Expected: ArrayContaining ["play", "seeked", "pause", "play", "scroll"]
    Received: ["play", "play", "seeked", "play", "scroll"]

      11 |         await videoPlayerPage.scrollToPageBottom();
      12 |     });
    > 13 |     expect(events).toEqual(expect.arrayContaining(['play', 'seeked', 'pause', "play", 'scroll']));
         |                    ^
      14 |  });
      15 | });
      16 |
        at /app/src/tests/ui/video-player.e2e.spec.ts:13:20

    attachment #1: screenshot (image/png) ──────────────────────────────────────────────────────────
    ../../test-results/ui-video-player.e2e-E2E-Te-300a2-ll-events-and-verify-ui-e2e-retry1/test-failed-1.png
    ────────────────────────────────────────────────────────────────────────────────────────────────

    attachment #2: video (video/webm) ──────────────────────────────────────────────────────────────
    ../../test-results/ui-video-player.e2e-E2E-Te-300a2-ll-events-and-verify-ui-e2e-retry1/video.webm
    ────────────────────────────────────────────────────────────────────────────────────────────────

    Error Context: ../../test-results/ui-video-player.e2e-E2E-Te-300a2-ll-events-and-verify-ui-e2e-retry1/error-context.md

    attachment #4: trace (application/zip) ─────────────────────────────────────────────────────────
    ../../test-results/ui-video-player.e2e-E2E-Te-300a2-ll-events-and-verify-ui-e2e-retry1/trace.zip
    Usage:

        npx playwright show-trace ../../test-results/ui-video-player.e2e-E2E-Te-300a2-ll-events-and-verify-ui-e2e-retry1/trace.zip

    ────────────────────────────────────────────────────────────────────────────────────────────────

    Retry #2 ───────────────────────────────────────────────────────────────────────────────────────

    Error: expect(received).toEqual(expected) // deep equality

    Expected: ArrayContaining ["play", "seeked", "pause", "play", "scroll"]
    Received: ["play", "play", "play", "scroll", "seeked"]

      11 |         await videoPlayerPage.scrollToPageBottom();
      12 |     });
    > 13 |     expect(events).toEqual(expect.arrayContaining(['play', 'seeked', 'pause', "play", 'scroll']));
         |                    ^
      14 |  });
      15 | });
      16 |
        at /app/src/tests/ui/video-player.e2e.spec.ts:13:20

    attachment #1: screenshot (image/png) ──────────────────────────────────────────────────────────
    ../../test-results/ui-video-player.e2e-E2E-Te-300a2-ll-events-and-verify-ui-e2e-retry2/test-failed-1.png
    ────────────────────────────────────────────────────────────────────────────────────────────────

    attachment #2: video (video/webm) ──────────────────────────────────────────────────────────────
    ../../test-results/ui-video-player.e2e-E2E-Te-300a2-ll-events-and-verify-ui-e2e-retry2/video.webm
    ────────────────────────────────────────────────────────────────────────────────────────────────

    Error Context: ../../test-results/ui-video-player.e2e-E2E-Te-300a2-ll-events-and-verify-ui-e2e-retry2/error-context.md

    attachment #4: trace (application/zip) ─────────────────────────────────────────────────────────
    ../../test-results/ui-video-player.e2e-E2E-Te-300a2-ll-events-and-verify-ui-e2e-retry2/trace.zip
    Usage:

        npx playwright show-trace ../../test-results/ui-video-player.e2e-E2E-Te-300a2-ll-events-and-verify-ui-e2e-retry2/trace.zip

    ────────────────────────────────────────────────────────────────────────────────────────────────
]]>
</failure>
<system-out>
<![CDATA[
[[ATTACHMENT|../test-results/ui-video-player.e2e-E2E-Te-300a2-ll-events-and-verify-ui-e2e/test-failed-1.png]]

[[ATTACHMENT|../test-results/ui-video-player.e2e-E2E-Te-300a2-ll-events-and-verify-ui-e2e/video.webm]]

[[ATTACHMENT|../test-results/ui-video-player.e2e-E2E-Te-300a2-ll-events-and-verify-ui-e2e/error-context.md]]

[[ATTACHMENT|../test-results/ui-video-player.e2e-E2E-Te-300a2-ll-events-and-verify-ui-e2e/trace.zip]]

[[ATTACHMENT|../test-results/ui-video-player.e2e-E2E-Te-300a2-ll-events-and-verify-ui-e2e-retry1/test-failed-1.png]]

[[ATTACHMENT|../test-results/ui-video-player.e2e-E2E-Te-300a2-ll-events-and-verify-ui-e2e-retry1/video.webm]]

[[ATTACHMENT|../test-results/ui-video-player.e2e-E2E-Te-300a2-ll-events-and-verify-ui-e2e-retry1/error-context.md]]

[[ATTACHMENT|../test-results/ui-video-player.e2e-E2E-Te-300a2-ll-events-and-verify-ui-e2e-retry1/trace.zip]]

[[ATTACHMENT|../test-results/ui-video-player.e2e-E2E-Te-300a2-ll-events-and-verify-ui-e2e-retry2/test-failed-1.png]]

[[ATTACHMENT|../test-results/ui-video-player.e2e-E2E-Te-300a2-ll-events-and-verify-ui-e2e-retry2/video.webm]]

[[ATTACHMENT|../test-results/ui-video-player.e2e-E2E-Te-300a2-ll-events-and-verify-ui-e2e-retry2/error-context.md]]

[[ATTACHMENT|../test-results/ui-video-player.e2e-E2E-Te-300a2-ll-events-and-verify-ui-e2e-retry2/trace.zip]]
]]>
</system-out>
</testcase>
</testsuite>
<testsuite name="ui/video-player.playback.spec.ts" timestamp="2025-07-15T09:10:14.571Z" hostname="" tests="2" failures="1" skipped="0" time="11.235" errors="0">
<testcase name="Video Player Playback Controls › Play button triggers play event and video plays @ui @play" classname="ui/video-player.playback.spec.ts" time="3.244">
</testcase>
<testcase name="Video Player Playback Controls › Play, Pause button triggers pause event and video pauses @ui @pause" classname="ui/video-player.playback.spec.ts" time="7.991">
<failure message="video-player.playback.spec.ts:11:13 Play, Pause button triggers pause event and video pauses @ui @pause" type="FAILURE">
<![CDATA[  ui/video-player.playback.spec.ts:11:13 › Video Player Playback Controls › Play, Pause button triggers pause event and video pauses @ui @pause 

    Error: expect(received).toContain(expected) // indexOf

    Expected value: "pause"
    Received array: ["play"]

      12 |             await videoPlayerPage.playVideo();
      13 |             const events = await videoPlayerPage.collectEventsDuringAction(() => videoPlayerPage.pauseVideo());
    > 14 |             expect(events).toContain('pause');
         |                            ^
      15 |             expect(await videoPlayerPage.isPlaying()).toBe(false);
      16 |         });
      17 |     });
        at /app/src/tests/ui/video-player.playback.spec.ts:14:28

    attachment #1: screenshot (image/png) ──────────────────────────────────────────────────────────
    ../../test-results/ui-video-player.playback-V-335b4-t-and-video-pauses-ui-pause/test-failed-1.png
    ────────────────────────────────────────────────────────────────────────────────────────────────

    attachment #2: video (video/webm) ──────────────────────────────────────────────────────────────
    ../../test-results/ui-video-player.playback-V-335b4-t-and-video-pauses-ui-pause/video.webm
    ────────────────────────────────────────────────────────────────────────────────────────────────

    Error Context: ../../test-results/ui-video-player.playback-V-335b4-t-and-video-pauses-ui-pause/error-context.md

    attachment #4: trace (application/zip) ─────────────────────────────────────────────────────────
    ../../test-results/ui-video-player.playback-V-335b4-t-and-video-pauses-ui-pause/trace.zip
    Usage:

        npx playwright show-trace ../../test-results/ui-video-player.playback-V-335b4-t-and-video-pauses-ui-pause/trace.zip

    ────────────────────────────────────────────────────────────────────────────────────────────────

    Retry #1 ───────────────────────────────────────────────────────────────────────────────────────

    Error: expect(received).toContain(expected) // indexOf

    Expected value: "pause"
    Received array: ["play"]

      12 |             await videoPlayerPage.playVideo();
      13 |             const events = await videoPlayerPage.collectEventsDuringAction(() => videoPlayerPage.pauseVideo());
    > 14 |             expect(events).toContain('pause');
         |                            ^
      15 |             expect(await videoPlayerPage.isPlaying()).toBe(false);
      16 |         });
      17 |     });
        at /app/src/tests/ui/video-player.playback.spec.ts:14:28

    attachment #1: screenshot (image/png) ──────────────────────────────────────────────────────────
    ../../test-results/ui-video-player.playback-V-335b4-t-and-video-pauses-ui-pause-retry1/test-failed-1.png
    ────────────────────────────────────────────────────────────────────────────────────────────────

    attachment #2: video (video/webm) ──────────────────────────────────────────────────────────────
    ../../test-results/ui-video-player.playback-V-335b4-t-and-video-pauses-ui-pause-retry1/video.webm
    ────────────────────────────────────────────────────────────────────────────────────────────────

    Error Context: ../../test-results/ui-video-player.playback-V-335b4-t-and-video-pauses-ui-pause-retry1/error-context.md

    attachment #4: trace (application/zip) ─────────────────────────────────────────────────────────
    ../../test-results/ui-video-player.playback-V-335b4-t-and-video-pauses-ui-pause-retry1/trace.zip
    Usage:

        npx playwright show-trace ../../test-results/ui-video-player.playback-V-335b4-t-and-video-pauses-ui-pause-retry1/trace.zip

    ────────────────────────────────────────────────────────────────────────────────────────────────

    Retry #2 ───────────────────────────────────────────────────────────────────────────────────────

    Error: expect(received).toContain(expected) // indexOf

    Expected value: "pause"
    Received array: ["play"]

      12 |             await videoPlayerPage.playVideo();
      13 |             const events = await videoPlayerPage.collectEventsDuringAction(() => videoPlayerPage.pauseVideo());
    > 14 |             expect(events).toContain('pause');
         |                            ^
      15 |             expect(await videoPlayerPage.isPlaying()).toBe(false);
      16 |         });
      17 |     });
        at /app/src/tests/ui/video-player.playback.spec.ts:14:28

    attachment #1: screenshot (image/png) ──────────────────────────────────────────────────────────
    ../../test-results/ui-video-player.playback-V-335b4-t-and-video-pauses-ui-pause-retry2/test-failed-1.png
    ────────────────────────────────────────────────────────────────────────────────────────────────

    attachment #2: video (video/webm) ──────────────────────────────────────────────────────────────
    ../../test-results/ui-video-player.playback-V-335b4-t-and-video-pauses-ui-pause-retry2/video.webm
    ────────────────────────────────────────────────────────────────────────────────────────────────

    Error Context: ../../test-results/ui-video-player.playback-V-335b4-t-and-video-pauses-ui-pause-retry2/error-context.md

    attachment #4: trace (application/zip) ─────────────────────────────────────────────────────────
    ../../test-results/ui-video-player.playback-V-335b4-t-and-video-pauses-ui-pause-retry2/trace.zip
    Usage:

        npx playwright show-trace ../../test-results/ui-video-player.playback-V-335b4-t-and-video-pauses-ui-pause-retry2/trace.zip

    ────────────────────────────────────────────────────────────────────────────────────────────────
]]>
</failure>
<system-out>
<![CDATA[
[[ATTACHMENT|../test-results/ui-video-player.playback-V-335b4-t-and-video-pauses-ui-pause/test-failed-1.png]]

[[ATTACHMENT|../test-results/ui-video-player.playback-V-335b4-t-and-video-pauses-ui-pause/video.webm]]

[[ATTACHMENT|../test-results/ui-video-player.playback-V-335b4-t-and-video-pauses-ui-pause/error-context.md]]

[[ATTACHMENT|../test-results/ui-video-player.playback-V-335b4-t-and-video-pauses-ui-pause/trace.zip]]

[[ATTACHMENT|../test-results/ui-video-player.playback-V-335b4-t-and-video-pauses-ui-pause-retry1/test-failed-1.png]]

[[ATTACHMENT|../test-results/ui-video-player.playback-V-335b4-t-and-video-pauses-ui-pause-retry1/video.webm]]

[[ATTACHMENT|../test-results/ui-video-player.playback-V-335b4-t-and-video-pauses-ui-pause-retry1/error-context.md]]

[[ATTACHMENT|../test-results/ui-video-player.playback-V-335b4-t-and-video-pauses-ui-pause-retry1/trace.zip]]

[[ATTACHMENT|../test-results/ui-video-player.playback-V-335b4-t-and-video-pauses-ui-pause-retry2/test-failed-1.png]]

[[ATTACHMENT|../test-results/ui-video-player.playback-V-335b4-t-and-video-pauses-ui-pause-retry2/video.webm]]

[[ATTACHMENT|../test-results/ui-video-player.playback-V-335b4-t-and-video-pauses-ui-pause-retry2/error-context.md]]

[[ATTACHMENT|../test-results/ui-video-player.playback-V-335b4-t-and-video-pauses-ui-pause-retry2/trace.zip]]
]]>
</system-out>
</testcase>
</testsuite>
<testsuite name="ui/video-player.scroll.spec.ts" timestamp="2025-07-15T09:10:14.571Z" hostname="" tests="1" failures="0" skipped="0" time="3.18" errors="0">
<testcase name="Video Player Scroll Event › Scroll triggers scroll event sent to backend @ui @scroll" classname="ui/video-player.scroll.spec.ts" time="3.18">
</testcase>
</testsuite>
<testsuite name="ui/video-player.seek.spec.ts" timestamp="2025-07-15T09:10:14.571Z" hostname="" tests="1" failures="0" skipped="0" time="3.027" errors="0">
<testcase name="Video Player Seek Controls › Seek triggers seeked event and updates video time @ui @seek" classname="ui/video-player.seek.spec.ts" time="3.027">
</testcase>
</testsuite>
</testsuites>